IPv6 addresults: ::1 ((null))
IPv6 addresults: ::1 ((null))
IPv6 addresults: ::1 ((null))
IPv4 addresults: 127.0.0.1 ((null))
IPv4 addresults: 127.0.0.1 ((null))
IPv4 addresults: 127.0.0.1 ((null))
