IPv6 addresults: ::1 (localhost)
IPv4 addresults: 127.0.0.1 ((null))
